------------------------------------------------------------
TimeQuest Timing Analyzer Summary
------------------------------------------------------------

Type  : Slow 1200mV 85C Model Setup 'clk'
Slack : -2.702
TNS   : -45.875

Type  : Slow 1200mV 85C Model Setup 'flick'
Slack : -2.678
TNS   : -4.173

Type  : Slow 1200mV 85C Model Hold 'flick'
Slack : 0.096
TNS   : 0.000

Type  : Slow 1200mV 85C Model Hold 'clk'
Slack : 0.437
TNS   : 0.000

Type  : Slow 1200mV 85C Model Recovery 'processor:p0|isEnd'
Slack : -1.474
TNS   : -1.474

Type  : Slow 1200mV 85C Model Removal 'processor:p0|isEnd'
Slack : 1.515
TNS   : 0.000

Type  : Slow 1200mV 85C Model Minimum Pulse Width 'clk'
Slack : -3.000
TNS   : -34.500

Type  : Slow 1200mV 85C Model Minimum Pulse Width 'flick'
Slack : -3.000
TNS   : -6.910

Type  : Slow 1200mV 85C Model Minimum Pulse Width 'processor:p0|isEnd'
Slack : -1.500
TNS   : -1.500

Type  : Slow 1200mV 0C Model Setup 'clk'
Slack : -2.405
TNS   : -41.468

Type  : Slow 1200mV 0C Model Setup 'flick'
Slack : -2.349
TNS   : -3.418

Type  : Slow 1200mV 0C Model Hold 'flick'
Slack : 0.109
TNS   : 0.000

Type  : Slow 1200mV 0C Model Hold 'clk'
Slack : 0.401
TNS   : 0.000

Type  : Slow 1200mV 0C Model Recovery 'processor:p0|isEnd'
Slack : -1.288
TNS   : -1.288

Type  : Slow 1200mV 0C Model Removal 'processor:p0|isEnd'
Slack : 1.412
TNS   : 0.000

Type  : Slow 1200mV 0C Model Minimum Pulse Width 'clk'
Slack : -3.000
TNS   : -34.500

Type  : Slow 1200mV 0C Model Minimum Pulse Width 'flick'
Slack : -3.000
TNS   : -6.266

Type  : Slow 1200mV 0C Model Minimum Pulse Width 'processor:p0|isEnd'
Slack : -1.500
TNS   : -1.500

Type  : Fast 1200mV 0C Model Setup 'flick'
Slack : -1.428
TNS   : -1.428

Type  : Fast 1200mV 0C Model Setup 'clk'
Slack : -1.324
TNS   : -23.736

Type  : Fast 1200mV 0C Model Hold 'flick'
Slack : 0.064
TNS   : 0.000

Type  : Fast 1200mV 0C Model Hold 'clk'
Slack : 0.192
TNS   : 0.000

Type  : Fast 1200mV 0C Model Recovery 'processor:p0|isEnd'
Slack : -0.849
TNS   : -0.849

Type  : Fast 1200mV 0C Model Removal 'processor:p0|isEnd'
Slack : 0.731
TNS   : 0.000

Type  : Fast 1200mV 0C Model Minimum Pulse Width 'clk'
Slack : -3.000
TNS   : -24.160

Type  : Fast 1200mV 0C Model Minimum Pulse Width 'flick'
Slack : -3.000
TNS   : -4.316

Type  : Fast 1200mV 0C Model Minimum Pulse Width 'processor:p0|isEnd'
Slack : -1.000
TNS   : -1.000

------------------------------------------------------------
